../Core/Src/main.c:117:5:main	8	static
../Core/Src/main.c:205:6:SystemClock_Config	96	static
../Core/Src/main.c:249:13:MX_DAC1_Init	24	static
../Core/Src/main.c:289:13:MX_I2C1_Init	8	static
../Core/Src/main.c:341:13:MX_TIM2_Init	40	static
../Core/Src/main.c:386:13:MX_USART2_UART_Init	8	static
../Core/Src/main.c:419:13:MX_DMA_Init	16	static
../Core/Src/main.c:437:13:MX_GPIO_Init	40	static
../Core/Src/main.c:471:6:StartDefaultTask	32	static
../Core/Src/main.c:523:6:StartScreenUpdate	48	static
../Core/Src/main.c:574:6:HAL_TIM_PeriodElapsedCallback	16	static
../Core/Src/main.c:592:6:Error_Handler	4	static,ignoring_inline_asm
